[www.sigmato.com/index.html]
[backblue.gif]
[fade.gif]
[index.html]
[www.sigmato.com/images/sigmato-logo-new.png]
[maxcdn.bootstrapcdn.com/font-awesome/4.5.0/css/font-awesome.min.css]
[www.sigmato.com/favicon.ico]
[www.sigmato.com/about.html]
[www.sigmato.com/index-2.html]
[www.sigmato.com/design-and-user-experiences.html]
[www.sigmato.com/ui-ux-design.html]
[www.sigmato.com/images/icons/vector.png]
[www.sigmato.com/webdesigning.html]
[www.sigmato.com/images/icons/website.png]
[www.sigmato.com/branding-graphic-design.html]
[www.sigmato.com/images/icons/color.png]
[www.sigmato.com/packaging-design.html]
[www.sigmato.com/images/icons/coffee.png]
[www.sigmato.com/prototyping.html]
[www.sigmato.com/images/icons/plant-pot.png]
[www.sigmato.com/product-design.html]
[www.sigmato.com/images/icons/font.png]
[www.sigmato.com/adobexd-gigma-designs.html]
[www.sigmato.com/images/icons/design.png]
[www.sigmato.com/communication-designs.html]
[www.sigmato.com/images/icons/align.png]
[www.sigmato.com/brand-strategy.html]
[www.sigmato.com/images/icons/arrows.png]
[www.sigmato.com/digital_strategy_and_marketing.html]
[www.sigmato.com/technology.html]
[www.sigmato.com/contact.html]
[www.sigmato.com/images/sigmato-mobile-banner.jpg]
[www.sigmato.com/transparent]
[www.sigmato.com/web-design.html]
[www.sigmato.com/images/clientss.jpg]
[www.sigmato.com/images/client-logos/kmf.jpg]
[www.sigmato.com/images/client-logos/mahindra.jpg]
[www.sigmato.com/images/client-logos/prestige.jpg]
[www.sigmato.com/images/client-logos/jgi.jpg]
[www.sigmato.com/images/client-logos/vodafone.jpg]
[www.sigmato.com/images/client-logos/yokohama.jpg]
[www.sigmato.com/images/client-logos/turbosteel.jpg]
[www.sigmato.com/images/client-logos/master.jpg]
[www.sigmato.com/images/client-logos/rallison.jpg]
[www.sigmato.com/images/client-logos/h&G.jpg]
[www.sigmato.com/images/client-logos/sobha.jpg]
[www.sigmato.com/services.html]
[www.sigmato.com/careers.html]
[www.sigmato.com/seo-plans.html]
[www.sigmato.com/finding-the-best-web-design-agency-in-bangalore.html]
[www.sigmato.com/digital-marketing-company-bangalore.html]
[www.sigmato.com/graphic-designing-company-bangalore.html]
[www.sigmato.com/wordpress-website-development-bangalore.html]
[www.sigmato.com/website-design-that-can-generate-leads.html]
[www.sigmato.com/webflow-web-design-development.html]
[www.sigmato.com/images/whats-app-icon.png]
[ajax.googleapis.com/ajax/libs/jquery/1.11.3/jquery.min.js]
[www.sigmato.com/js/bootstrap.min.js]
[www.sigmato.com/js/isotope.min.js]
[www.sigmato.com/js/jquery.fancybox.pack.js]
[www.sigmato.com/js/owl.carousel.min.js]
[www.sigmato.com/js/validator.js]
[www.sigmato.com/js/contact.js]
[www.google.com/recaptcha/api.js]
[www.sigmato.com/js/theme.js]
[unpkg.com/@lottiefiles/lottie-player@latest/dist/lottie-player.42.delayed]
[www.sigmato.com/index.html]
[www.sigmato.com/css/bootstrap4.min.css]
[maxcdn.bootstrapcdn.com/font-awesome/4.5.0/css/font-awesome.min.css]
[unpkg.com/@lottiefiles/lottie-player@1.5.4/dist/lottie-player.js]
[www.sigmato.com/images/fancybox_sprite.png]
[www.sigmato.com/images/fancybox_loading.gif]
[www.sigmato.com/images/blank.gif]
[www.sigmato.com/images/fancybox_overlay.png]
[www.sigmato.com/images/fancybox_sprite@2x.png]
[www.sigmato.com/images/fancybox_loading@2x.gif]
[www.sigmato.com/css/jquery.fancybox.min.css]
[www.sigmato.com/images/bg-inner1.jpg]
[www.sigmato.com/images/bg-inner2.jpg]
[www.sigmato.com/images/featured-bg.png]
[www.sigmato.com/images/featured-bg-2.jpg]
[www.sigmato.com/images/banner-five.jpg]
[www.sigmato.com/css/grabbing.png]
[www.sigmato.com/images/AjaxLoader.gif]
[www.sigmato.com/images/sections/siginfo.jpg]
[www.sigmato.com/images/sections/type.jpg]
[www.sigmato.com/images/services/services-bg.jpg]
[www.sigmato.com/images/about/about-bg.jpg]
[www.sigmato.com/images/sigmato-mobile-banner-promo.jpg]
[www.sigmato.com/images/icons/seopkg-check.png]
[www.sigmato.com/images/icons/seopkg-close.png]
[www.sigmato.com/css/themebea6.css]
[www.sigmato.com/images/team/29.jpg]
[www.sigmato.com/images/team/30.jpg]
[www.sigmato.com/images/team/28.jpg]
[www.sigmato.com/images/team/26.jpg]
[www.sigmato.com/images/team/25.jpg]
[www.sigmato.com/images/team/21.jpg]
[www.sigmato.com/images/team/23.jpg]
[www.sigmato.com/images/team/Sneha.png]
[www.sigmato.com/images/team/Tanushree.png]
[www.sigmato.com/images/team/Jeniva.png]
[www.sigmato.com/about.html]
[www.sigmato.com/blog/index.html]
[www.sigmato.com/index-2.html]
[www.sigmato.com/images/ham.png]
[www.sigmato.com/images/ham-close.png]
[www.sigmato.com/images/split-1.jpg]
[ajax.googleapis.com/ajax/libs/jquery/1.11.1/jquery.min.js]
[www.sigmato.com/images/ux-design.jpg]
[www.sigmato.com/images/webdesign.jpg]
[www.sigmato.com/images/print.jpg]
[www.sigmato.com/images/packaging.jpg]
[www.sigmato.com/images/prototype.jpg]
[www.sigmato.com/design-and-user-experiences.html]
[www.sigmato.com/images/uiux/smartphone-mockup-ui-ux.jpg]
[www.sigmato.com/images/uiux/uiux-3.jpg]
[www.sigmato.com/images/uiux/uiux-2.jpg]
[www.sigmato.com/images/uiux/uiux-4.jpg]
[www.sigmato.com/images/uiux/uiux-5.jpg]
[www.sigmato.com/images/uiux/uiux-6.jpg]
[www.sigmato.com/images/uiux/uiux-7.jpg]
[www.sigmato.com/images/uiux/uiux-8.jpg]
[www.sigmato.com/images/uiux/uiux-9.jpg]
[www.sigmato.com/images/uiux/uiux-10.jpg]
[www.sigmato.com/ui-ux-design.html]
[www.google-analytics.com/analytics.js]
[www.sigmato.com/webdesigning.html]
[www.sigmato.com/images/webdesign/webdesign-6.jpg]
[www.sigmato.com/images/webdesign/webdesign-1.jpg]
[www.sigmato.com/images/webdesign/webdesign-2.jpg]
[www.sigmato.com/images/webdesign/webdesign-3.jpg]
[www.sigmato.com/images/webdesign/webdesign-4.jpg]
[www.sigmato.com/images/webdesign/webdesign-5.jpg]
[www.sigmato.com/branding-graphic-design.html]
[www.sigmato.com/images/packaging/package-1.jpg]
[www.sigmato.com/images/packaging/package-7.jpg]
[www.sigmato.com/images/packaging/package-3.jpg]
[www.sigmato.com/images/packaging/package-5.jpg]
[www.sigmato.com/images/packaging/package-2.jpg]
[www.sigmato.com/images/packaging/package-6.png]
[www.sigmato.com/images/packaging/package-9.jpg]
[www.sigmato.com/packaging-design.html]
[www.sigmato.com/prototyping.html]
[www.sigmato.com/product-design.html]
[www.sigmato.com/adobexd-gigma-designs.html]
[www.sigmato.com/communication-designs.html]
[www.sigmato.com/brand-strategy.html]
[www.sigmato.com/images/search_engine-optimization.jpg]
[www.sigmato.com/images/digital-marketng.jpg]
[www.sigmato.com/images/social-media-marketing.jpg]
[www.sigmato.com/images/web-analytics.jpg]
[www.sigmato.com/images/video-production.jpg]
[www.sigmato.com/images/marketing-automation.jpg]
[www.sigmato.com/digital_strategy_and_marketing.html]
[www.sigmato.com/images/sections/sigmato-technology-development.jpg]
[www.sigmato.com/technology.html]
[www.sigmato.com/contact.html]
[www.sigmato.com/transparent.html]
[www.sigmato.com/images/design/web.jpg]
[www.sigmato.com/web-design.html]
[www.sigmato.com/images/sections/sigmato-Digital-Marketing.jpg]
[www.sigmato.com/images/sections/sigmato-digital-marketing-strategy.jpg]
[www.sigmato.com/services.html]
[www.sigmato.com/careers.html]
[www.sigmato.com/images/icons/seosilver.png]
[www.sigmato.com/images/icons/seogold.png]
[www.sigmato.com/images/icons/seoplatinum.png]
[www.sigmato.com/seo-plans.html]
[www.sigmato.com/finding-the-best-web-design-agency-in-bangalore.html]
[www.sigmato.com/digital-marketing-company-bangalore.html]
[www.sigmato.com/graphic-designing-company-bangalore.html]
[www.sigmato.com/wordpress-website-development-bangalore.html]
[www.sigmato.com/website-design-that-can-generate-leads.html]
[www.sigmato.com/images/sigmato_experts.png]
[www.sigmato.com/images/sigmato_projects_delivered.png]
[www.sigmato.com/images/sigmato_target_achievements.png]
[www.sigmato.com/images/sigmato_experience.png]
[www.sigmato.com/images/designux.png]
[www.sigmato.com/images/digitalstrategy.png]
[www.sigmato.com/images/technology.png]
[www.sigmato.com/images/client-logos/mindtree.jpg]
[www.sigmato.com/images/client-logos/shilpa.jpg]
[www.sigmato.com/images/client-logos/sugunah.jpg]
[www.sigmato.com/images/client-logos/praveen-jewels.jpg]
[www.sigmato.com/images/client-logos/thehighwall.jpg]
[www.sigmato.com/webflow-web-design-development.html]
[www.sigmato.com/images/blank.html]
[www.sigmato.com/css/grabbing.html]
[www.sigmato.com/images/sections/type.html]
[www.sigmato.com/images/footer-bg.svg]
[www.sigmato.com/css/themef195.css]
[www.sigmato.com/css/theme5e1f.css]
[www.googletagmanager.com/gtm5445.html]
